
> web@0.1.0 start
> next start --port 3200

▲ Next.js 16.2.1
- Local:         http://localhost:3200
- Network:       http://169.254.131.95:3200
✓ Ready in 398ms
In cloud mode but no signing key found. For local dev, set the INNGEST_DEV=1 env var. For production, set the INNGEST_SIGNING_KEY env var
In cloud mode but no signing key found. For local dev, set the INNGEST_DEV=1 env var. For production, set the INNGEST_SIGNING_KEY env var
In cloud mode but no signing key found. For local dev, set the INNGEST_DEV=1 env var. For production, set the INNGEST_SIGNING_KEY env var
In cloud mode but no signing key found. For local dev, set the INNGEST_DEV=1 env var. For production, set the INNGEST_SIGNING_KEY env var
In cloud mode but no signing key found. For local dev, set the INNGEST_DEV=1 env var. For production, set the INNGEST_SIGNING_KEY env var
In cloud mode but no signing key found. For local dev, set the INNGEST_DEV=1 env var. For production, set the INNGEST_SIGNING_KEY env var
In cloud mode but no signing key found. For local dev, set the INNGEST_DEV=1 env var. For production, set the INNGEST_SIGNING_KEY env var
In cloud mode but no signing key found. For local dev, set the INNGEST_DEV=1 env var. For production, set the INNGEST_SIGNING_KEY env var
In cloud mode but no signing key found. For local dev, set the INNGEST_DEV=1 env var. For production, set the INNGEST_SIGNING_KEY env var
In cloud mode but no signing key found. For local dev, set the INNGEST_DEV=1 env var. For production, set the INNGEST_SIGNING_KEY env var
In cloud mode but no signing key found. For local dev, set the INNGEST_DEV=1 env var. For production, set the INNGEST_SIGNING_KEY env var
In cloud mode but no signing key found. For local dev, set the INNGEST_DEV=1 env var. For production, set the INNGEST_SIGNING_KEY env var
In cloud mode but no signing key found. For local dev, set the INNGEST_DEV=1 env var. For production, set the INNGEST_SIGNING_KEY env var
In cloud mode but no signing key found. For local dev, set the INNGEST_DEV=1 env var. For production, set the INNGEST_SIGNING_KEY env var
In cloud mode but no signing key found. For local dev, set the INNGEST_DEV=1 env var. For production, set the INNGEST_SIGNING_KEY env var
In cloud mode but no signing key found. For local dev, set the INNGEST_DEV=1 env var. For production, set the INNGEST_SIGNING_KEY env var
In cloud mode but no signing key found. For local dev, set the INNGEST_DEV=1 env var. For production, set the INNGEST_SIGNING_KEY env var
In cloud mode but no signing key found. For local dev, set the INNGEST_DEV=1 env var. For production, set the INNGEST_SIGNING_KEY env var
In cloud mode but no signing key found. For local dev, set the INNGEST_DEV=1 env var. For production, set the INNGEST_SIGNING_KEY env var
In cloud mode but no signing key found. For local dev, set the INNGEST_DEV=1 env var. For production, set the INNGEST_SIGNING_KEY env var
In cloud mode but no signing key found. For local dev, set the INNGEST_DEV=1 env var. For production, set the INNGEST_SIGNING_KEY env var
In cloud mode but no signing key found. For local dev, set the INNGEST_DEV=1 env var. For production, set the INNGEST_SIGNING_KEY env var
In cloud mode but no signing key found. For local dev, set the INNGEST_DEV=1 env var. For production, set the INNGEST_SIGNING_KEY env var
In cloud mode but no signing key found. For local dev, set the INNGEST_DEV=1 env var. For production, set the INNGEST_SIGNING_KEY env var
In cloud mode but no signing key found. For local dev, set the INNGEST_DEV=1 env var. For production, set the INNGEST_SIGNING_KEY env var
In cloud mode but no signing key found. For local dev, set the INNGEST_DEV=1 env var. For production, set the INNGEST_SIGNING_KEY env var
In cloud mode but no signing key found. For local dev, set the INNGEST_DEV=1 env var. For production, set the INNGEST_SIGNING_KEY env var
In cloud mode but no signing key found. For local dev, set the INNGEST_DEV=1 env var. For production, set the INNGEST_SIGNING_KEY env var
In cloud mode but no signing key found. For local dev, set the INNGEST_DEV=1 env var. For production, set the INNGEST_SIGNING_KEY env var
In cloud mode but no signing key found. For local dev, set the INNGEST_DEV=1 env var. For production, set the INNGEST_SIGNING_KEY env var
In cloud mode but no signing key found. For local dev, set the INNGEST_DEV=1 env var. For production, set the INNGEST_SIGNING_KEY env var
In cloud mode but no signing key found. For local dev, set the INNGEST_DEV=1 env var. For production, set the INNGEST_SIGNING_KEY env var
In cloud mode but no signing key found. For local dev, set the INNGEST_DEV=1 env var. For production, set the INNGEST_SIGNING_KEY env var
In cloud mode but no signing key found. For local dev, set the INNGEST_DEV=1 env var. For production, set the INNGEST_SIGNING_KEY env var
In cloud mode but no signing key found. For local dev, set the INNGEST_DEV=1 env var. For production, set the INNGEST_SIGNING_KEY env var
In cloud mode but no signing key found. For local dev, set the INNGEST_DEV=1 env var. For production, set the INNGEST_SIGNING_KEY env var
In cloud mode but no signing key found. For local dev, set the INNGEST_DEV=1 env var. For production, set the INNGEST_SIGNING_KEY env var
In cloud mode but no signing key found. For local dev, set the INNGEST_DEV=1 env var. For production, set the INNGEST_SIGNING_KEY env var
In cloud mode but no signing key found. For local dev, set the INNGEST_DEV=1 env var. For production, set the INNGEST_SIGNING_KEY env var
In cloud mode but no signing key found. For local dev, set the INNGEST_DEV=1 env var. For production, set the INNGEST_SIGNING_KEY env var
In cloud mode but no signing key found. For local dev, set the INNGEST_DEV=1 env var. For production, set the INNGEST_SIGNING_KEY env var
In cloud mode but no signing key found. For local dev, set the INNGEST_DEV=1 env var. For production, set the INNGEST_SIGNING_KEY env var
In cloud mode but no signing key found. For local dev, set the INNGEST_DEV=1 env var. For production, set the INNGEST_SIGNING_KEY env var
In cloud mode but no signing key found. For local dev, set the INNGEST_DEV=1 env var. For production, set the INNGEST_SIGNING_KEY env var
In cloud mode but no signing key found. For local dev, set the INNGEST_DEV=1 env var. For production, set the INNGEST_SIGNING_KEY env var
In cloud mode but no signing key found. For local dev, set the INNGEST_DEV=1 env var. For production, set the INNGEST_SIGNING_KEY env var
In cloud mode but no signing key found. For local dev, set the INNGEST_DEV=1 env var. For production, set the INNGEST_SIGNING_KEY env var
In cloud mode but no signing key found. For local dev, set the INNGEST_DEV=1 env var. For production, set the INNGEST_SIGNING_KEY env var
In cloud mode but no signing key found. For local dev, set the INNGEST_DEV=1 env var. For production, set the INNGEST_SIGNING_KEY env var
In cloud mode but no signing key found. For local dev, set the INNGEST_DEV=1 env var. For production, set the INNGEST_SIGNING_KEY env var
In cloud mode but no signing key found. For local dev, set the INNGEST_DEV=1 env var. For production, set the INNGEST_SIGNING_KEY env var
In cloud mode but no signing key found. For local dev, set the INNGEST_DEV=1 env var. For production, set the INNGEST_SIGNING_KEY env var
In cloud mode but no signing key found. For local dev, set the INNGEST_DEV=1 env var. For production, set the INNGEST_SIGNING_KEY env var
In cloud mode but no signing key found. For local dev, set the INNGEST_DEV=1 env var. For production, set the INNGEST_SIGNING_KEY env var
In cloud mode but no signing key found. For local dev, set the INNGEST_DEV=1 env var. For production, set the INNGEST_SIGNING_KEY env var
In cloud mode but no signing key found. For local dev, set the INNGEST_DEV=1 env var. For production, set the INNGEST_SIGNING_KEY env var
In cloud mode but no signing key found. For local dev, set the INNGEST_DEV=1 env var. For production, set the INNGEST_SIGNING_KEY env var
In cloud mode but no signing key found. For local dev, set the INNGEST_DEV=1 env var. For production, set the INNGEST_SIGNING_KEY env var
In cloud mode but no signing key found. For local dev, set the INNGEST_DEV=1 env var. For production, set the INNGEST_SIGNING_KEY env var
In cloud mode but no signing key found. For local dev, set the INNGEST_DEV=1 env var. For production, set the INNGEST_SIGNING_KEY env var
In cloud mode but no signing key found. For local dev, set the INNGEST_DEV=1 env var. For production, set the INNGEST_SIGNING_KEY env var
In cloud mode but no signing key found. For local dev, set the INNGEST_DEV=1 env var. For production, set the INNGEST_SIGNING_KEY env var
In cloud mode but no signing key found. For local dev, set the INNGEST_DEV=1 env var. For production, set the INNGEST_SIGNING_KEY env var

C:\Users\onofr\WhoopPro\apps\web>